// Jest Snapshot v1, https://goo.gl/fbAQLP

exports[`matches snapshot 1`] = `
<DocumentFragment>
  <div />
  <form>
    <label
      type="text"
    >
      New Task: 
    </label>
    <input
      id="new-task"
      name="newTask"
      placeholder="New Task"
      type="text"
      value=""
    />
    <button
      type="submit"
    >
      Add Task
    </button>
  </form>
</DocumentFragment>
`;
